<?xml version="1.0" encoding="utf-8"?>
<?AutomationStudio Version="4.12.2.93"?>
<Objects>
  <Object
    Path="C:\Users\danie\OneDrive\Documents\Github\MatrixProduction\KUKA_mxA_Example_Jog_2IR_EtherCat_mxA3_0\Logical\Package.pkg"
    LogicalPath=""
    Type="Package.ParentUnknown"
    LastWriteTime="133104665582701695" />
  <Object
    Path="C:\Users\danie\OneDrive\Documents\Github\MatrixProduction\KUKA_mxA_Example_Jog_2IR_EtherCat_mxA3_0\Logical\Global.typ"
    LogicalPath="Global.typ"
    Type="File"
    LastWriteTime="133104665581430375"
    Private="false" />
  <Object
    Path="C:\Users\danie\OneDrive\Documents\Github\MatrixProduction\KUKA_mxA_Example_Jog_2IR_EtherCat_mxA3_0\Logical\Global.var"
    LogicalPath="Global.var"
    Type="File"
    LastWriteTime="133104665581440501"
    Private="false" />
  <Object
    Path="C:\Users\danie\OneDrive\Documents\Github\MatrixProduction\KUKA_mxA_Example_Jog_2IR_EtherCat_mxA3_0\Logical\Libraries\Package.pkg"
    LogicalPath="Libraries"
    Type="Package"
    LastWriteTime="133104665582313502" />
  <Object
    Path="C:\Users\danie\OneDrive\Documents\Github\MatrixProduction\KUKA_mxA_Example_Jog_2IR_EtherCat_mxA3_0\Logical\Libraries\operator\Binary.lby"
    LogicalPath="Libraries.operator"
    Type="Library"
    LastWriteTime="133104665582486274" />
  <Object
    Path="C:\Users\danie\OneDrive\Documents\Github\MatrixProduction\KUKA_mxA_Example_Jog_2IR_EtherCat_mxA3_0\Logical\Libraries\operator\operator.fun"
    LogicalPath="Libraries.operator.operator.fun"
    Type="File"
    LastWriteTime="133104665582530922"
    Private="false" />
  <Object
    Path="C:\Users\danie\OneDrive\Documents\Github\MatrixProduction\KUKA_mxA_Example_Jog_2IR_EtherCat_mxA3_0\Logical\Libraries\operator\operator.typ"
    LogicalPath="Libraries.operator.operator.typ"
    Type="File"
    LastWriteTime="133104665582541012"
    Private="false" />
  <Object
    Path="C:\Users\danie\OneDrive\Documents\Github\MatrixProduction\KUKA_mxA_Example_Jog_2IR_EtherCat_mxA3_0\Logical\Libraries\operator\operator.var"
    LogicalPath="Libraries.operator.operator.var"
    Type="File"
    LastWriteTime="133104665582551062"
    Private="false" />
  <Object
    Path="C:\Users\danie\OneDrive\Documents\Github\MatrixProduction\KUKA_mxA_Example_Jog_2IR_EtherCat_mxA3_0\Logical\Libraries\runtime\Binary.lby"
    LogicalPath="Libraries.runtime"
    Type="Library"
    LastWriteTime="133104665582561124" />
  <Object
    Path="C:\Users\danie\OneDrive\Documents\Github\MatrixProduction\KUKA_mxA_Example_Jog_2IR_EtherCat_mxA3_0\Logical\Libraries\runtime\runtime.fun"
    LogicalPath="Libraries.runtime.runtime.fun"
    Type="File"
    LastWriteTime="133104665582611206"
    Private="false" />
  <Object
    Path="C:\Users\danie\OneDrive\Documents\Github\MatrixProduction\KUKA_mxA_Example_Jog_2IR_EtherCat_mxA3_0\Logical\Libraries\runtime\runtime.typ"
    LogicalPath="Libraries.runtime.runtime.typ"
    Type="File"
    LastWriteTime="133104665582621232"
    Private="false" />
  <Object
    Path="C:\Users\danie\OneDrive\Documents\Github\MatrixProduction\KUKA_mxA_Example_Jog_2IR_EtherCat_mxA3_0\Logical\Libraries\runtime\runtime.var"
    LogicalPath="Libraries.runtime.runtime.var"
    Type="File"
    LastWriteTime="133104665582621232"
    Private="false" />
  <Object
    Path="C:\Users\danie\OneDrive\Documents\Github\MatrixProduction\KUKA_mxA_Example_Jog_2IR_EtherCat_mxA3_0\Logical\Libraries\astime\Binary.lby"
    LogicalPath="Libraries.astime"
    Type="Library"
    LastWriteTime="133104665582419311" />
  <Object
    Path="C:\Users\danie\OneDrive\Documents\Github\MatrixProduction\KUKA_mxA_Example_Jog_2IR_EtherCat_mxA3_0\Logical\Libraries\astime\astime.fun"
    LogicalPath="Libraries.astime.astime.fun"
    Type="File"
    LastWriteTime="133104665582466136"
    Private="false" />
  <Object
    Path="C:\Users\danie\OneDrive\Documents\Github\MatrixProduction\KUKA_mxA_Example_Jog_2IR_EtherCat_mxA3_0\Logical\Libraries\astime\astime.typ"
    LogicalPath="Libraries.astime.astime.typ"
    Type="File"
    LastWriteTime="133104665582476225"
    Private="false" />
  <Object
    Path="C:\Users\danie\OneDrive\Documents\Github\MatrixProduction\KUKA_mxA_Example_Jog_2IR_EtherCat_mxA3_0\Logical\Libraries\astime\astime.var"
    LogicalPath="Libraries.astime.astime.var"
    Type="File"
    LastWriteTime="133104665582476225"
    Private="false" />
  <Object
    Path="C:\Users\danie\OneDrive\Documents\Github\MatrixProduction\KUKA_mxA_Example_Jog_2IR_EtherCat_mxA3_0\Logical\Libraries\AsIecCon\Binary.lby"
    LogicalPath="Libraries.AsIecCon"
    Type="Library"
    LastWriteTime="133104665581546905" />
  <Object
    Path="C:\Users\danie\OneDrive\Documents\Github\MatrixProduction\KUKA_mxA_Example_Jog_2IR_EtherCat_mxA3_0\Logical\Libraries\AsIecCon\AsIecCon.fun"
    LogicalPath="Libraries.AsIecCon.AsIecCon.fun"
    Type="File"
    LastWriteTime="133104665581524966"
    Private="false" />
  <Object
    Path="C:\Users\danie\OneDrive\Documents\Github\MatrixProduction\KUKA_mxA_Example_Jog_2IR_EtherCat_mxA3_0\Logical\Libraries\AsIecCon\AsIecCon.typ"
    LogicalPath="Libraries.AsIecCon.AsIecCon.typ"
    Type="File"
    LastWriteTime="133104665581535046"
    Private="false" />
  <Object
    Path="C:\Users\danie\OneDrive\Documents\Github\MatrixProduction\KUKA_mxA_Example_Jog_2IR_EtherCat_mxA3_0\Logical\Libraries\AsIecCon\AsIecCon.var"
    LogicalPath="Libraries.AsIecCon.AsIecCon.var"
    Type="File"
    LastWriteTime="133104665581546905"
    Private="false" />
  <Object
    Path="C:\Users\danie\OneDrive\Documents\Github\MatrixProduction\KUKA_mxA_Example_Jog_2IR_EtherCat_mxA3_0\Logical\Libraries\standard\Binary.lby"
    LogicalPath="Libraries.standard"
    Type="Library"
    LastWriteTime="133104665582631258" />
  <Object
    Path="C:\Users\danie\OneDrive\Documents\Github\MatrixProduction\KUKA_mxA_Example_Jog_2IR_EtherCat_mxA3_0\Logical\Libraries\standard\standard.fun"
    LogicalPath="Libraries.standard.standard.fun"
    Type="File"
    LastWriteTime="133104665582681398"
    Private="false" />
  <Object
    Path="C:\Users\danie\OneDrive\Documents\Github\MatrixProduction\KUKA_mxA_Example_Jog_2IR_EtherCat_mxA3_0\Logical\Libraries\standard\standard.typ"
    LogicalPath="Libraries.standard.standard.typ"
    Type="File"
    LastWriteTime="133104665582691416"
    Private="false" />
  <Object
    Path="C:\Users\danie\OneDrive\Documents\Github\MatrixProduction\KUKA_mxA_Example_Jog_2IR_EtherCat_mxA3_0\Logical\Libraries\standard\standard.var"
    LogicalPath="Libraries.standard.standard.var"
    Type="File"
    LastWriteTime="133104665582701695"
    Private="false" />
  <Object
    Path="C:\Users\danie\OneDrive\Documents\Github\MatrixProduction\KUKA_mxA_Example_Jog_2IR_EtherCat_mxA3_0\Logical\Libraries\asstring\Binary.lby"
    LogicalPath="Libraries.asstring"
    Type="Library"
    LastWriteTime="133104665582325602" />
  <Object
    Path="C:\Users\danie\OneDrive\Documents\Github\MatrixProduction\KUKA_mxA_Example_Jog_2IR_EtherCat_mxA3_0\Logical\Libraries\asstring\asstring.fun"
    LogicalPath="Libraries.asstring.asstring.fun"
    Type="File"
    LastWriteTime="133104665582378284"
    Private="false" />
  <Object
    Path="C:\Users\danie\OneDrive\Documents\Github\MatrixProduction\KUKA_mxA_Example_Jog_2IR_EtherCat_mxA3_0\Logical\Libraries\asstring\asstring.typ"
    LogicalPath="Libraries.asstring.asstring.typ"
    Type="File"
    LastWriteTime="133104665582388308"
    Private="false" />
  <Object
    Path="C:\Users\danie\OneDrive\Documents\Github\MatrixProduction\KUKA_mxA_Example_Jog_2IR_EtherCat_mxA3_0\Logical\Libraries\asstring\asstring.var"
    LogicalPath="Libraries.asstring.asstring.var"
    Type="File"
    LastWriteTime="133104665582409228"
    Private="false" />
  <Object
    Path="C:\Users\danie\OneDrive\Documents\Github\MatrixProduction\KUKA_mxA_Example_Jog_2IR_EtherCat_mxA3_0\Logical\Libraries\AsUDP\Binary.lby"
    LogicalPath="Libraries.AsUDP"
    Type="Library"
    LastWriteTime="133104665581629521" />
  <Object
    Path="C:\Users\danie\OneDrive\Documents\Github\MatrixProduction\KUKA_mxA_Example_Jog_2IR_EtherCat_mxA3_0\Logical\Libraries\AsUDP\AsUDP.fun"
    LogicalPath="Libraries.AsUDP.AsUDP.fun"
    Type="File"
    LastWriteTime="133104665581599329"
    Private="false" />
  <Object
    Path="C:\Users\danie\OneDrive\Documents\Github\MatrixProduction\KUKA_mxA_Example_Jog_2IR_EtherCat_mxA3_0\Logical\Libraries\AsUDP\AsUDP.typ"
    LogicalPath="Libraries.AsUDP.AsUDP.typ"
    Type="File"
    LastWriteTime="133104665581619493"
    Private="false" />
  <Object
    Path="C:\Users\danie\OneDrive\Documents\Github\MatrixProduction\KUKA_mxA_Example_Jog_2IR_EtherCat_mxA3_0\Logical\Libraries\AsUDP\AsUDP.var"
    LogicalPath="Libraries.AsUDP.AsUDP.var"
    Type="File"
    LastWriteTime="133104665581629521"
    Private="false" />
  <Object
    Path="C:\Users\danie\OneDrive\Documents\Github\MatrixProduction\KUKA_mxA_Example_Jog_2IR_EtherCat_mxA3_0\Logical\Libraries\AsBrStr\Binary.lby"
    LogicalPath="Libraries.AsBrStr"
    Type="Library"
    LastWriteTime="133104665581481994" />
  <Object
    Path="C:\Users\danie\OneDrive\Documents\Github\MatrixProduction\KUKA_mxA_Example_Jog_2IR_EtherCat_mxA3_0\Logical\Libraries\AsBrStr\AsBrStr.fun"
    LogicalPath="Libraries.AsBrStr.AsBrStr.fun"
    Type="File"
    LastWriteTime="133104665581450625"
    Private="false" />
  <Object
    Path="C:\Users\danie\OneDrive\Documents\Github\MatrixProduction\KUKA_mxA_Example_Jog_2IR_EtherCat_mxA3_0\Logical\Libraries\AsBrStr\AsBrStr.typ"
    LogicalPath="Libraries.AsBrStr.AsBrStr.typ"
    Type="File"
    LastWriteTime="133104665581460811"
    Private="false" />
  <Object
    Path="C:\Users\danie\OneDrive\Documents\Github\MatrixProduction\KUKA_mxA_Example_Jog_2IR_EtherCat_mxA3_0\Logical\Libraries\AsBrStr\AsBrStr.var"
    LogicalPath="Libraries.AsBrStr.AsBrStr.var"
    Type="File"
    LastWriteTime="133104665581471607"
    Private="false" />
  <Object
    Path="C:\Users\danie\OneDrive\Documents\Github\MatrixProduction\KUKA_mxA_Example_Jog_2IR_EtherCat_mxA3_0\Logical\Libraries\CoTrace\binary.lby"
    LogicalPath="Libraries.CoTrace"
    Type="Library"
    LastWriteTime="133104665581979869" />
  <Object
    Path="C:\Users\danie\OneDrive\Documents\Github\MatrixProduction\KUKA_mxA_Example_Jog_2IR_EtherCat_mxA3_0\Logical\Libraries\CoTrace\CoTrace.fun"
    LogicalPath="Libraries.CoTrace.CoTrace.fun"
    Type="File"
    LastWriteTime="133104665581754129"
    Private="false" />
  <Object
    Path="C:\Users\danie\OneDrive\Documents\Github\MatrixProduction\KUKA_mxA_Example_Jog_2IR_EtherCat_mxA3_0\Logical\Libraries\CoTrace\CoTrace.typ"
    LogicalPath="Libraries.CoTrace.CoTrace.typ"
    Type="File"
    LastWriteTime="133104665581764154"
    Private="false" />
  <Object
    Path="C:\Users\danie\OneDrive\Documents\Github\MatrixProduction\KUKA_mxA_Example_Jog_2IR_EtherCat_mxA3_0\Logical\Libraries\CoTrace\CoTrace.var"
    LogicalPath="Libraries.CoTrace.CoTrace.var"
    Type="File"
    LastWriteTime="133104665581764154"
    Private="false" />
  <Object
    Path="C:\Users\danie\OneDrive\Documents\Github\MatrixProduction\KUKA_mxA_Example_Jog_2IR_EtherCat_mxA3_0\Logical\Libraries\AsZip\binary.lby"
    LogicalPath="Libraries.AsZip"
    Type="Library"
    LastWriteTime="133104665581734072" />
  <Object
    Path="C:\Users\danie\OneDrive\Documents\Github\MatrixProduction\KUKA_mxA_Example_Jog_2IR_EtherCat_mxA3_0\Logical\Libraries\AsZip\AsZip.fun"
    LogicalPath="Libraries.AsZip.AsZip.fun"
    Type="File"
    LastWriteTime="133104665581693965"
    Private="false" />
  <Object
    Path="C:\Users\danie\OneDrive\Documents\Github\MatrixProduction\KUKA_mxA_Example_Jog_2IR_EtherCat_mxA3_0\Logical\Libraries\AsZip\AsZip.typ"
    LogicalPath="Libraries.AsZip.AsZip.typ"
    Type="File"
    LastWriteTime="133104665581703990"
    Private="false" />
  <Object
    Path="C:\Users\danie\OneDrive\Documents\Github\MatrixProduction\KUKA_mxA_Example_Jog_2IR_EtherCat_mxA3_0\Logical\Libraries\AsZip\AsZip.var"
    LogicalPath="Libraries.AsZip.AsZip.var"
    Type="File"
    LastWriteTime="133104665581714023"
    Private="false" />
  <Object
    Path="C:\Users\danie\OneDrive\Documents\Github\MatrixProduction\KUKA_mxA_Example_Jog_2IR_EtherCat_mxA3_0\Logical\Libraries\FileIO\binary.lby"
    LogicalPath="Libraries.FileIO"
    Type="Library"
    LastWriteTime="133104665582038285" />
  <Object
    Path="C:\Users\danie\OneDrive\Documents\Github\MatrixProduction\KUKA_mxA_Example_Jog_2IR_EtherCat_mxA3_0\Logical\Libraries\FileIO\FileIO.fun"
    LogicalPath="Libraries.FileIO.FileIO.fun"
    Type="File"
    LastWriteTime="133104665581993446"
    Private="false" />
  <Object
    Path="C:\Users\danie\OneDrive\Documents\Github\MatrixProduction\KUKA_mxA_Example_Jog_2IR_EtherCat_mxA3_0\Logical\Libraries\FileIO\FileIO.typ"
    LogicalPath="Libraries.FileIO.FileIO.typ"
    Type="File"
    LastWriteTime="133104665582003534"
    Private="false" />
  <Object
    Path="C:\Users\danie\OneDrive\Documents\Github\MatrixProduction\KUKA_mxA_Example_Jog_2IR_EtherCat_mxA3_0\Logical\Libraries\FileIO\FileIO.var"
    LogicalPath="Libraries.FileIO.FileIO.var"
    Type="File"
    LastWriteTime="133104665582013584"
    Private="false" />
  <Object
    Path="C:\Users\danie\OneDrive\Documents\Github\MatrixProduction\KUKA_mxA_Example_Jog_2IR_EtherCat_mxA3_0\Logical\Libraries\KUKAmxA3_0\Binary.lby"
    LogicalPath="Libraries.KUKAmxA3_0"
    Type="Library"
    LastWriteTime="133104665582068546" />
  <Object
    Path="C:\Users\danie\OneDrive\Documents\Github\MatrixProduction\KUKA_mxA_Example_Jog_2IR_EtherCat_mxA3_0\Logical\Libraries\KUKAmxA3_0\Constants.var"
    LogicalPath="Libraries.KUKAmxA3_0.Constants.var"
    Type="File"
    LastWriteTime="133104665582097439"
    Private="false" />
  <Object
    Path="C:\Users\danie\OneDrive\Documents\Github\MatrixProduction\KUKA_mxA_Example_Jog_2IR_EtherCat_mxA3_0\Logical\Libraries\KUKAmxA3_0\KUKAmxA3_0.fun"
    LogicalPath="Libraries.KUKAmxA3_0.KUKAmxA3_0.fun"
    Type="File"
    LastWriteTime="133104665582127669"
    Private="false" />
  <Object
    Path="C:\Users\danie\OneDrive\Documents\Github\MatrixProduction\KUKA_mxA_Example_Jog_2IR_EtherCat_mxA3_0\Logical\Libraries\KUKAmxA3_0\Types.typ"
    LogicalPath="Libraries.KUKAmxA3_0.Types.typ"
    Type="File"
    LastWriteTime="133104665582303089"
    Private="false" />
  <Object
    Path="C:\Users\danie\OneDrive\Documents\Github\MatrixProduction\KUKA_mxA_Example_Jog_2IR_EtherCat_mxA3_0\Logical\Libraries\KUKAmxA3_0\APO.typ"
    LogicalPath="Libraries.KUKAmxA3_0.APO.typ"
    Type="File"
    LastWriteTime="133104665582058472"
    Private="false" />
  <Object
    Path="C:\Users\danie\OneDrive\Documents\Github\MatrixProduction\KUKA_mxA_Example_Jog_2IR_EtherCat_mxA3_0\Logical\Libraries\KUKAmxA3_0\COORDSYS.typ"
    LogicalPath="Libraries.KUKAmxA3_0.COORDSYS.typ"
    Type="File"
    LastWriteTime="133104665582087389"
    Private="false" />
  <Object
    Path="C:\Users\danie\OneDrive\Documents\Github\MatrixProduction\KUKA_mxA_Example_Jog_2IR_EtherCat_mxA3_0\Logical\Libraries\KUKAmxA3_0\E6AXIS.typ"
    LogicalPath="Libraries.KUKAmxA3_0.E6AXIS.typ"
    Type="File"
    LastWriteTime="133104665582107460"
    Private="false" />
  <Object
    Path="C:\Users\danie\OneDrive\Documents\Github\MatrixProduction\KUKA_mxA_Example_Jog_2IR_EtherCat_mxA3_0\Logical\Libraries\KUKAmxA3_0\E6POS.typ"
    LogicalPath="Libraries.KUKAmxA3_0.E6POS.typ"
    Type="File"
    LastWriteTime="133104665582117481"
    Private="false" />
  <Object
    Path="C:\Users\danie\OneDrive\Documents\Github\MatrixProduction\KUKA_mxA_Example_Jog_2IR_EtherCat_mxA3_0\Logical\Libraries\KUKAmxA3_0\FRAME.typ"
    LogicalPath="Libraries.KUKAmxA3_0.FRAME.typ"
    Type="File"
    LastWriteTime="133104665582117481"
    Private="false" />
  <Object
    Path="C:\Users\danie\OneDrive\Documents\Github\MatrixProduction\KUKA_mxA_Example_Jog_2IR_EtherCat_mxA3_0\Logical\Libraries\KUKAmxA3_0\MXA_AUTEXT_CONTROL.typ"
    LogicalPath="Libraries.KUKAmxA3_0.MXA_AUTEXT_CONTROL.typ"
    Type="File"
    LastWriteTime="133104665582137732"
    Private="false" />
  <Object
    Path="C:\Users\danie\OneDrive\Documents\Github\MatrixProduction\KUKA_mxA_Example_Jog_2IR_EtherCat_mxA3_0\Logical\Libraries\KUKAmxA3_0\MXA_AUTEXT_STATE.typ"
    LogicalPath="Libraries.KUKAmxA3_0.MXA_AUTEXT_STATE.typ"
    Type="File"
    LastWriteTime="133104665582137732"
    Private="false" />
  <Object
    Path="C:\Users\danie\OneDrive\Documents\Github\MatrixProduction\KUKA_mxA_Example_Jog_2IR_EtherCat_mxA3_0\Logical\Libraries\KUKAmxA3_0\MXA_CMD_STATE_RET.typ"
    LogicalPath="Libraries.KUKAmxA3_0.MXA_CMD_STATE_RET.typ"
    Type="File"
    LastWriteTime="133104665582147831"
    Private="false" />
  <Object
    Path="C:\Users\danie\OneDrive\Documents\Github\MatrixProduction\KUKA_mxA_Example_Jog_2IR_EtherCat_mxA3_0\Logical\Libraries\KUKAmxA3_0\MXA_COMMAND.typ"
    LogicalPath="Libraries.KUKAmxA3_0.MXA_COMMAND.typ"
    Type="File"
    LastWriteTime="133104665582157949"
    Private="false" />
  <Object
    Path="C:\Users\danie\OneDrive\Documents\Github\MatrixProduction\KUKA_mxA_Example_Jog_2IR_EtherCat_mxA3_0\Logical\Libraries\KUKAmxA3_0\MXA_COMMAND_STATUS.typ"
    LogicalPath="Libraries.KUKAmxA3_0.MXA_COMMAND_STATUS.typ"
    Type="File"
    LastWriteTime="133104665582168935"
    Private="false" />
  <Object
    Path="C:\Users\danie\OneDrive\Documents\Github\MatrixProduction\KUKA_mxA_Example_Jog_2IR_EtherCat_mxA3_0\Logical\Libraries\KUKAmxA3_0\MXA_KRC_CONTROL.typ"
    LogicalPath="Libraries.KUKAmxA3_0.MXA_KRC_CONTROL.typ"
    Type="File"
    LastWriteTime="133104665582178989"
    Private="false" />
  <Object
    Path="C:\Users\danie\OneDrive\Documents\Github\MatrixProduction\KUKA_mxA_Example_Jog_2IR_EtherCat_mxA3_0\Logical\Libraries\KUKAmxA3_0\MXA_KRC_STATE.typ"
    LogicalPath="Libraries.KUKAmxA3_0.MXA_KRC_STATE.typ"
    Type="File"
    LastWriteTime="133104665582178989"
    Private="false" />
  <Object
    Path="C:\Users\danie\OneDrive\Documents\Github\MatrixProduction\KUKA_mxA_Example_Jog_2IR_EtherCat_mxA3_0\Logical\Libraries\KUKAmxA3_0\PNetWriteData.typ"
    LogicalPath="Libraries.KUKAmxA3_0.PNetWriteData.typ"
    Type="File"
    LastWriteTime="133104665582193274"
    Private="false" />
  <Object
    Path="C:\Users\danie\OneDrive\Documents\Github\MatrixProduction\KUKA_mxA_Example_Jog_2IR_EtherCat_mxA3_0\Logical\Libraries\KUKAmxA3_0\POSITION.typ"
    LogicalPath="Libraries.KUKAmxA3_0.POSITION.typ"
    Type="File"
    LastWriteTime="133104665582203339"
    Private="false" />
  <Object
    Path="C:\Users\danie\OneDrive\Documents\Github\MatrixProduction\KUKA_mxA_Example_Jog_2IR_EtherCat_mxA3_0\Logical\Libraries\KUKAmxA3_0\AXBOX.typ"
    LogicalPath="Libraries.KUKAmxA3_0.AXBOX.typ"
    Type="File"
    LastWriteTime="133104665582058472"
    Private="false" />
  <Object
    Path="C:\Users\danie\OneDrive\Documents\Github\MatrixProduction\KUKA_mxA_Example_Jog_2IR_EtherCat_mxA3_0\Logical\Libraries\KUKAmxA3_0\BOX.typ"
    LogicalPath="Libraries.KUKAmxA3_0.BOX.typ"
    Type="File"
    LastWriteTime="133104665582068546"
    Private="false" />
  <Object
    Path="C:\Users\danie\OneDrive\Documents\Github\MatrixProduction\KUKA_mxA_Example_Jog_2IR_EtherCat_mxA3_0\Logical\CTRL\IEC.prg"
    LogicalPath="CTRL"
    Type="Program"
    LastWriteTime="133104665581377812" />
  <Object
    Path="C:\Users\danie\OneDrive\Documents\Github\MatrixProduction\KUKA_mxA_Example_Jog_2IR_EtherCat_mxA3_0\Logical\CTRL\Types.typ"
    LogicalPath="CTRL.Types.typ"
    Type="File"
    LastWriteTime="133104665581377812"
    Private="true" />
  <Object
    Path="C:\Users\danie\OneDrive\Documents\Github\MatrixProduction\KUKA_mxA_Example_Jog_2IR_EtherCat_mxA3_0\Logical\CTRL\Variables.var"
    LogicalPath="CTRL.Variables.var"
    Type="File"
    LastWriteTime="133104665581387917"
    Private="true" />
  <Object
    Path="C:\Users\danie\OneDrive\Documents\Github\MatrixProduction\KUKA_mxA_Example_Jog_2IR_EtherCat_mxA3_0\Logical\CTRL\mxA_Main.st"
    LogicalPath="CTRL.mxA_Main.st"
    Type="File"
    LastWriteTime="133104665581410128"
    Private="false" />
  <Object
    Path="C:\Users\danie\OneDrive\Documents\Github\MatrixProduction\KUKA_mxA_Example_Jog_2IR_EtherCat_mxA3_0\Logical\CTRL\mxA_Start.st"
    LogicalPath="CTRL.mxA_Start.st"
    Type="File"
    LastWriteTime="133104665581430375"
    Private="false" />
  <Object
    Path="C:\Users\danie\OneDrive\Documents\Github\MatrixProduction\KUKA_mxA_Example_Jog_2IR_EtherCat_mxA3_0\Logical\CTRL\mxA_Motion.fbd"
    LogicalPath="CTRL.mxA_Motion.fbd"
    Type="File"
    LastWriteTime="133104665581420227"
    Private="false" />
  <Object
    Path="C:\Users\danie\OneDrive\Documents\Github\MatrixProduction\KUKA_mxA_Example_Jog_2IR_EtherCat_mxA3_0\Logical\CTRL\mxA_ErrorMessage.st"
    LogicalPath="CTRL.mxA_ErrorMessage.st"
    Type="File"
    LastWriteTime="133104665581398041"
    Private="false" />
  <Object
    Path="C:\Users\danie\OneDrive\Documents\Github\MatrixProduction\KUKA_mxA_Example_Jog_2IR_EtherCat_mxA3_0\Logical\Visu_Resized\Vc.dob"
    LogicalPath="Visu_Resized"
    Type="DataObject"
    LastWriteTime="133104665586535050" />
  <Object
    Path="C:\Users\danie\OneDrive\Documents\Github\MatrixProduction\KUKA_mxA_Example_Jog_2IR_EtherCat_mxA3_0\Logical\Visu_Resized\VCObject.vc"
    LogicalPath="Visu_Resized.VCObject.vc"
    Type="File"
    LastWriteTime="133104665586521089"
    Private="false" />
  <Object
    Path="C:\Users\danie\OneDrive\Documents\Github\MatrixProduction\KUKA_mxA_Example_Jog_2IR_EtherCat_mxA3_0\Physical\Config1\Config.pkg"
    LogicalPath="Config1"
    Type="Configuration.ParentUnknown"
    LastWriteTime="133104665586565135" />
  <Object
    Path="C:\Users\danie\OneDrive\Documents\Github\MatrixProduction\KUKA_mxA_Example_Jog_2IR_EtherCat_mxA3_0\Physical\Config1\Hardware.hw"
    LogicalPath="Config1.Hardware.hw"
    Type="File"
    LastWriteTime="133104847781020366"
    Private="false" />
  <Object
    Path="C:\Users\danie\OneDrive\Documents\Github\MatrixProduction\KUKA_mxA_Example_Jog_2IR_EtherCat_mxA3_0\Physical\Config1\Hardware.hwl"
    LogicalPath="Config1.Hardware.hwl"
    Type="File"
    LastWriteTime="133104784361193637"
    Private="false" />
  <Object
    Path="C:\Users\danie\OneDrive\Documents\Github\MatrixProduction\KUKA_mxA_Example_Jog_2IR_EtherCat_mxA3_0\Physical\Config1\X20CP1685\Cpu.pkg"
    LogicalPath="Config1.X20CP1685"
    Type="Cpu"
    LastWriteTime="133104839269341260" />
  <Object
    Path="C:\Users\danie\OneDrive\Documents\Github\MatrixProduction\KUKA_mxA_Example_Jog_2IR_EtherCat_mxA3_0\Physical\Config1\X20CP1685\Cpu.sw"
    LogicalPath="Config1.X20CP1685.Cpu.sw"
    Type="File"
    LastWriteTime="133104665586629225"
    Private="false" />
  <Object
    Path="C:\Users\danie\OneDrive\Documents\Github\MatrixProduction\KUKA_mxA_Example_Jog_2IR_EtherCat_mxA3_0\Physical\Config1\X20CP1685\Cpu.per"
    LogicalPath="Config1.X20CP1685.Cpu.per"
    Type="File"
    LastWriteTime="133104665586609175"
    Private="false" />
  <Object
    Path="C:\Users\danie\OneDrive\Documents\Github\MatrixProduction\KUKA_mxA_Example_Jog_2IR_EtherCat_mxA3_0\Physical\Config1\X20CP1685\IoMap.iom"
    LogicalPath="Config1.X20CP1685.IoMap.iom"
    Type="File"
    LastWriteTime="133104836995136003"
    Private="false" />
  <Object
    Path="C:\Users\danie\OneDrive\Documents\Github\MatrixProduction\KUKA_mxA_Example_Jog_2IR_EtherCat_mxA3_0\Physical\Config1\X20CP1685\PvMap.vvm"
    LogicalPath="Config1.X20CP1685.PvMap.vvm"
    Type="File"
    LastWriteTime="133104665586927025"
    Private="false" />
  <Object
    Path="C:\Users\danie\OneDrive\Documents\Github\MatrixProduction\KUKA_mxA_Example_Jog_2IR_EtherCat_mxA3_0\Physical\Config1\X20CP1685\mapp\Package.pkg"
    LogicalPath="Config1.X20CP1685.mapp"
    Type="Package"
    LastWriteTime="133104665586970435" />
  <Object
    Path="C:\Users\danie\OneDrive\Documents\Github\MatrixProduction\KUKA_mxA_Example_Jog_2IR_EtherCat_mxA3_0\Physical\Config1\X20CP1685\DTM\Package.pkg"
    LogicalPath="Config1.X20CP1685.DTM"
    Type="Package"
    LastWriteTime="133104665586639249" />
  <Object
    Path="C:\Users\danie\OneDrive\Documents\Github\MatrixProduction\KUKA_mxA_Example_Jog_2IR_EtherCat_mxA3_0\Physical\Config1\X20CP1685\DTM\X20IF10E1_1\Package.pkg"
    LogicalPath="Config1.X20CP1685.DTM.X20IF10E1_1"
    Type="Package"
    LastWriteTime="133104665586741261" />
  <Object
    Path="C:\Users\danie\OneDrive\Documents\Github\MatrixProduction\KUKA_mxA_Example_Jog_2IR_EtherCat_mxA3_0\Physical\Config1\X20CP1685\DTM\X20IF10E1_1\X20IF10E1_1.dtm"
    LogicalPath="Config1.X20CP1685.DTM.X20IF10E1_1.X20IF10E1_1.dtm"
    Type="File"
    LastWriteTime="133104847815854278"
    Private="false" />
  <Object
    Path="C:\Users\danie\OneDrive\Documents\Github\MatrixProduction\KUKA_mxA_Example_Jog_2IR_EtherCat_mxA3_0\Physical\Config1\X20CP1685\DTM\X20IF10E1_1\X20IF10E1_1_IF1\Package.pkg"
    LogicalPath="Config1.X20CP1685.DTM.X20IF10E1_1.X20IF10E1_1_IF1"
    Type="Package"
    LastWriteTime="133104665586773852" />
  <Object
    Path="C:\Users\danie\OneDrive\Documents\Github\MatrixProduction\KUKA_mxA_Example_Jog_2IR_EtherCat_mxA3_0\Physical\Config1\X20CP1685\DTM\X20IF10E1_1\X20IF10E1_1_IF1\X20IF10E1_1_IF1.dtmdre"
    LogicalPath="Config1.X20CP1685.DTM.X20IF10E1_1.X20IF10E1_1_IF1.X20IF10E1_1_IF1.dtmdre"
    Type="File"
    LastWriteTime="133104847770459738"
    Private="false" />
  <Object
    Path="C:\Users\danie\OneDrive\Documents\Github\MatrixProduction\KUKA_mxA_Example_Jog_2IR_EtherCat_mxA3_0\Physical\Config1\X20CP1685\DTM\X20IF10E1_1\X20IF10E1_1_IF1\X20IF10E1_1_IF1.dtmdra"
    LogicalPath="Config1.X20CP1685.DTM.X20IF10E1_1.X20IF10E1_1_IF1.X20IF10E1_1_IF1.dtmdra"
    Type="File"
    LastWriteTime="133104665586783882"
    Private="false" />
  <Object
    Path="C:\Users\danie\OneDrive\Documents\Github\MatrixProduction\KUKA_mxA_Example_Jog_2IR_EtherCat_mxA3_0\Physical\Config1\X20CP1685\DTM\X20IF10E1_1\X20IF10E1_1_IF1\X20IF10E1_1_IF1.dtmtre"
    LogicalPath="Config1.X20CP1685.DTM.X20IF10E1_1.X20IF10E1_1_IF1.X20IF10E1_1_IF1.dtmtre"
    Type="File"
    LastWriteTime="133104665586862550"
    Private="false" />
  <Object
    Path="C:\Users\danie\OneDrive\Documents\Github\MatrixProduction\KUKA_mxA_Example_Jog_2IR_EtherCat_mxA3_0\Physical\Config1\X20CP1685\DTM\X20IF10E1_1\X20IF10E1_1_IF1\X20IF10E1_1_IF1.dtmdri"
    LogicalPath="Config1.X20CP1685.DTM.X20IF10E1_1.X20IF10E1_1_IF1.X20IF10E1_1_IF1.dtmdri"
    Type="File"
    LastWriteTime="133104847770439682"
    Private="false" />
  <Object
    Path="C:\Users\danie\OneDrive\Documents\Github\MatrixProduction\KUKA_mxA_Example_Jog_2IR_EtherCat_mxA3_0\Physical\Config1\X20CP1685\DTM\X20IF10E1_1\KRC4_ProfiNet_4_1\Package.pkg"
    LogicalPath="Config1.X20CP1685.DTM.X20IF10E1_1.KRC4_ProfiNet_4_1"
    Type="Package"
    LastWriteTime="133104665586731078" />
  <Object
    Path="C:\Users\danie\OneDrive\Documents\Github\MatrixProduction\KUKA_mxA_Example_Jog_2IR_EtherCat_mxA3_0\Physical\Config1\X20CP1685\DTM\X20IF10E1_1\KRC4_ProfiNet_4_1\KRC4_ProfiNet_4_1.dtmdre"
    LogicalPath="Config1.X20CP1685.DTM.X20IF10E1_1.KRC4_ProfiNet_4_1.KRC4_ProfiNet_4_1.dtmdre"
    Type="File"
    LastWriteTime="133104847768467582"
    Private="false" />
  <Object
    Path="C:\Users\danie\OneDrive\Documents\Github\MatrixProduction\KUKA_mxA_Example_Jog_2IR_EtherCat_mxA3_0\Physical\Config1\X20CP1685\DTM\X20IF10E1_1\KRC4_ProfiNet_4_1\KRC4_ProfiNet_4_1.dtmtre"
    LogicalPath="Config1.X20CP1685.DTM.X20IF10E1_1.KRC4_ProfiNet_4_1.KRC4_ProfiNet_4_1.dtmtre"
    Type="File"
    LastWriteTime="133104665586719449"
    Private="false" />
  <Object
    Path="C:\Users\danie\OneDrive\Documents\Github\MatrixProduction\KUKA_mxA_Example_Jog_2IR_EtherCat_mxA3_0\Physical\Config1\X20CP1685\DTM\X20IF10E1_1\KRC4_ProfiNet_4_1\KRC4_ProfiNet_4_1.dtmdri"
    LogicalPath="Config1.X20CP1685.DTM.X20IF10E1_1.KRC4_ProfiNet_4_1.KRC4_ProfiNet_4_1.dtmdri"
    Type="File"
    LastWriteTime="133104847768449516"
    Private="false" />
  <Object
    Path="C:\Users\danie\OneDrive\Documents\Github\MatrixProduction\KUKA_mxA_Example_Jog_2IR_EtherCat_mxA3_0\Physical\Config1\X20CP1685\VC\Package.pkg"
    LogicalPath="Config1.X20CP1685.VC"
    Type="Package"
    LastWriteTime="133104665586960392" />
  <Object
    Path="C:\Users\danie\OneDrive\Documents\Github\MatrixProduction\KUKA_mxA_Example_Jog_2IR_EtherCat_mxA3_0\Physical\Config1\X20CP1685\VC\PS2-Keyboard.dis"
    LogicalPath="Config1.X20CP1685.VC.PS2-Keyboard.dis"
    Type="File"
    LastWriteTime="133104665586938347"
    Private="false" />
  <Object
    Path="C:\Users\danie\OneDrive\Documents\Github\MatrixProduction\KUKA_mxA_Example_Jog_2IR_EtherCat_mxA3_0\Physical\Config1\X20CP1685\VC\PS2-Keyboard1.dis"
    LogicalPath="Config1.X20CP1685.VC.PS2-Keyboard1.dis"
    Type="File"
    LastWriteTime="133104665586938347"
    Private="false" />
  <Object
    Path="C:\Users\danie\OneDrive\Documents\Github\MatrixProduction\KUKA_mxA_Example_Jog_2IR_EtherCat_mxA3_0\Physical\Config1\X20CP1685\VC\PS2-Keyboard2.dis"
    LogicalPath="Config1.X20CP1685.VC.PS2-Keyboard2.dis"
    Type="File"
    LastWriteTime="133104665586950141"
    Private="false" />
  <Object
    Path="C:\Users\danie\OneDrive\Documents\Github\MatrixProduction\KUKA_mxA_Example_Jog_2IR_EtherCat_mxA3_0\Physical\Config1\X20CP1685\ExternalHardware\Package.pkg"
    LogicalPath="Config1.X20CP1685.ExternalHardware"
    Type="Package"
    LastWriteTime="133104665586904541" />
  <Object
    Path="C:\Users\danie\OneDrive\Documents\Github\MatrixProduction\KUKA_mxA_Example_Jog_2IR_EtherCat_mxA3_0\Physical\Config1\X20CP1685\ExternalHardware\74WRV7RY.ext"
    LogicalPath="Config1.X20CP1685.ExternalHardware.74WRV7RY.ext"
    Type="File"
    LastWriteTime="133104665586891348"
    Private="false" />
  <Object
    Path="C:\Users\danie\OneDrive\Documents\Github\MatrixProduction\KUKA_mxA_Example_Jog_2IR_EtherCat_mxA3_0\Physical\Config1\X20CP1685\ExternalHardware\ExternalHardwareDevices.xml"
    LogicalPath="Config1.X20CP1685.ExternalHardware.ExternalHardwareDevices.xml"
    Type="File"
    LastWriteTime="133104665586904541"
    Private="false" />
  <Object
    Path="C:\Users\danie\OneDrive\Documents\Github\MatrixProduction\KUKA_mxA_Example_Jog_2IR_EtherCat_mxA3_0\Physical\Config1\Hardware.jpg"
    LogicalPath="Config1.Hardware.jpg"
    Type="File"
    LastWriteTime="133104784362994163"
    Private="false" />
</Objects>