C:\Users\victo\Documents\AAU\MatrixProduction\KUKA_mxA_Example_Jog_2IR_EtherCat_mxA3_0\Logical\Global.typ
C:\Users\victo\Documents\AAU\MatrixProduction\KUKA_mxA_Example_Jog_2IR_EtherCat_mxA3_0\Logical\Global.var
C:\Users\victo\Documents\AAU\MatrixProduction\KUKA_mxA_Example_Jog_2IR_EtherCat_mxA3_0\Logical\Libraries\operator\operator.fun
C:\Users\victo\Documents\AAU\MatrixProduction\KUKA_mxA_Example_Jog_2IR_EtherCat_mxA3_0\Logical\Libraries\operator\operator.typ
C:\Users\victo\Documents\AAU\MatrixProduction\KUKA_mxA_Example_Jog_2IR_EtherCat_mxA3_0\Logical\Libraries\operator\operator.var
C:\Users\victo\Documents\AAU\MatrixProduction\KUKA_mxA_Example_Jog_2IR_EtherCat_mxA3_0\Logical\Libraries\runtime\runtime.fun
C:\Users\victo\Documents\AAU\MatrixProduction\KUKA_mxA_Example_Jog_2IR_EtherCat_mxA3_0\Logical\Libraries\runtime\runtime.typ
C:\Users\victo\Documents\AAU\MatrixProduction\KUKA_mxA_Example_Jog_2IR_EtherCat_mxA3_0\Logical\Libraries\runtime\runtime.var
C:\Users\victo\Documents\AAU\MatrixProduction\KUKA_mxA_Example_Jog_2IR_EtherCat_mxA3_0\Logical\Libraries\astime\astime.fun
C:\Users\victo\Documents\AAU\MatrixProduction\KUKA_mxA_Example_Jog_2IR_EtherCat_mxA3_0\Logical\Libraries\astime\astime.typ
C:\Users\victo\Documents\AAU\MatrixProduction\KUKA_mxA_Example_Jog_2IR_EtherCat_mxA3_0\Logical\Libraries\astime\astime.var
C:\Users\victo\Documents\AAU\MatrixProduction\KUKA_mxA_Example_Jog_2IR_EtherCat_mxA3_0\Logical\Libraries\AsIecCon\AsIecCon.fun
C:\Users\victo\Documents\AAU\MatrixProduction\KUKA_mxA_Example_Jog_2IR_EtherCat_mxA3_0\Logical\Libraries\AsIecCon\AsIecCon.typ
C:\Users\victo\Documents\AAU\MatrixProduction\KUKA_mxA_Example_Jog_2IR_EtherCat_mxA3_0\Logical\Libraries\AsIecCon\AsIecCon.var
C:\Users\victo\Documents\AAU\MatrixProduction\KUKA_mxA_Example_Jog_2IR_EtherCat_mxA3_0\Logical\Libraries\standard\standard.fun
C:\Users\victo\Documents\AAU\MatrixProduction\KUKA_mxA_Example_Jog_2IR_EtherCat_mxA3_0\Logical\Libraries\standard\standard.typ
C:\Users\victo\Documents\AAU\MatrixProduction\KUKA_mxA_Example_Jog_2IR_EtherCat_mxA3_0\Logical\Libraries\standard\standard.var
C:\Users\victo\Documents\AAU\MatrixProduction\KUKA_mxA_Example_Jog_2IR_EtherCat_mxA3_0\Logical\Libraries\asstring\asstring.fun
C:\Users\victo\Documents\AAU\MatrixProduction\KUKA_mxA_Example_Jog_2IR_EtherCat_mxA3_0\Logical\Libraries\asstring\asstring.typ
C:\Users\victo\Documents\AAU\MatrixProduction\KUKA_mxA_Example_Jog_2IR_EtherCat_mxA3_0\Logical\Libraries\asstring\asstring.var
C:\Users\victo\Documents\AAU\MatrixProduction\KUKA_mxA_Example_Jog_2IR_EtherCat_mxA3_0\Logical\Libraries\AsUDP\AsUDP.fun
C:\Users\victo\Documents\AAU\MatrixProduction\KUKA_mxA_Example_Jog_2IR_EtherCat_mxA3_0\Logical\Libraries\AsUDP\AsUDP.typ
C:\Users\victo\Documents\AAU\MatrixProduction\KUKA_mxA_Example_Jog_2IR_EtherCat_mxA3_0\Logical\Libraries\AsUDP\AsUDP.var
C:\Users\victo\Documents\AAU\MatrixProduction\KUKA_mxA_Example_Jog_2IR_EtherCat_mxA3_0\Logical\Libraries\AsBrStr\AsBrStr.fun
C:\Users\victo\Documents\AAU\MatrixProduction\KUKA_mxA_Example_Jog_2IR_EtherCat_mxA3_0\Logical\Libraries\AsBrStr\AsBrStr.typ
C:\Users\victo\Documents\AAU\MatrixProduction\KUKA_mxA_Example_Jog_2IR_EtherCat_mxA3_0\Logical\Libraries\AsBrStr\AsBrStr.var
C:\Users\victo\Documents\AAU\MatrixProduction\KUKA_mxA_Example_Jog_2IR_EtherCat_mxA3_0\Logical\Libraries\CoTrace\CoTrace.fun
C:\Users\victo\Documents\AAU\MatrixProduction\KUKA_mxA_Example_Jog_2IR_EtherCat_mxA3_0\Logical\Libraries\CoTrace\CoTrace.typ
C:\Users\victo\Documents\AAU\MatrixProduction\KUKA_mxA_Example_Jog_2IR_EtherCat_mxA3_0\Logical\Libraries\CoTrace\CoTrace.var
C:\Users\victo\Documents\AAU\MatrixProduction\KUKA_mxA_Example_Jog_2IR_EtherCat_mxA3_0\Logical\Libraries\AsZip\AsZip.fun
C:\Users\victo\Documents\AAU\MatrixProduction\KUKA_mxA_Example_Jog_2IR_EtherCat_mxA3_0\Logical\Libraries\AsZip\AsZip.typ
C:\Users\victo\Documents\AAU\MatrixProduction\KUKA_mxA_Example_Jog_2IR_EtherCat_mxA3_0\Logical\Libraries\AsZip\AsZip.var
C:\Users\victo\Documents\AAU\MatrixProduction\KUKA_mxA_Example_Jog_2IR_EtherCat_mxA3_0\Logical\Libraries\FileIO\FileIO.fun
C:\Users\victo\Documents\AAU\MatrixProduction\KUKA_mxA_Example_Jog_2IR_EtherCat_mxA3_0\Logical\Libraries\FileIO\FileIO.typ
C:\Users\victo\Documents\AAU\MatrixProduction\KUKA_mxA_Example_Jog_2IR_EtherCat_mxA3_0\Logical\Libraries\FileIO\FileIO.var
C:\Users\victo\Documents\AAU\MatrixProduction\KUKA_mxA_Example_Jog_2IR_EtherCat_mxA3_0\Logical\Libraries\KUKAmxA3_0\Constants.var
C:\Users\victo\Documents\AAU\MatrixProduction\KUKA_mxA_Example_Jog_2IR_EtherCat_mxA3_0\Logical\Libraries\KUKAmxA3_0\KUKAmxA3_0.fun
C:\Users\victo\Documents\AAU\MatrixProduction\KUKA_mxA_Example_Jog_2IR_EtherCat_mxA3_0\Logical\Libraries\KUKAmxA3_0\Types.typ
C:\Users\victo\Documents\AAU\MatrixProduction\KUKA_mxA_Example_Jog_2IR_EtherCat_mxA3_0\Logical\Libraries\KUKAmxA3_0\APO.typ
C:\Users\victo\Documents\AAU\MatrixProduction\KUKA_mxA_Example_Jog_2IR_EtherCat_mxA3_0\Logical\Libraries\KUKAmxA3_0\COORDSYS.typ
C:\Users\victo\Documents\AAU\MatrixProduction\KUKA_mxA_Example_Jog_2IR_EtherCat_mxA3_0\Logical\Libraries\KUKAmxA3_0\E6AXIS.typ
C:\Users\victo\Documents\AAU\MatrixProduction\KUKA_mxA_Example_Jog_2IR_EtherCat_mxA3_0\Logical\Libraries\KUKAmxA3_0\E6POS.typ
C:\Users\victo\Documents\AAU\MatrixProduction\KUKA_mxA_Example_Jog_2IR_EtherCat_mxA3_0\Logical\Libraries\KUKAmxA3_0\FRAME.typ
C:\Users\victo\Documents\AAU\MatrixProduction\KUKA_mxA_Example_Jog_2IR_EtherCat_mxA3_0\Logical\Libraries\KUKAmxA3_0\MXA_AUTEXT_CONTROL.typ
C:\Users\victo\Documents\AAU\MatrixProduction\KUKA_mxA_Example_Jog_2IR_EtherCat_mxA3_0\Logical\Libraries\KUKAmxA3_0\MXA_AUTEXT_STATE.typ
C:\Users\victo\Documents\AAU\MatrixProduction\KUKA_mxA_Example_Jog_2IR_EtherCat_mxA3_0\Logical\Libraries\KUKAmxA3_0\MXA_CMD_STATE_RET.typ
C:\Users\victo\Documents\AAU\MatrixProduction\KUKA_mxA_Example_Jog_2IR_EtherCat_mxA3_0\Logical\Libraries\KUKAmxA3_0\MXA_COMMAND.typ
C:\Users\victo\Documents\AAU\MatrixProduction\KUKA_mxA_Example_Jog_2IR_EtherCat_mxA3_0\Logical\Libraries\KUKAmxA3_0\MXA_COMMAND_STATUS.typ
C:\Users\victo\Documents\AAU\MatrixProduction\KUKA_mxA_Example_Jog_2IR_EtherCat_mxA3_0\Logical\Libraries\KUKAmxA3_0\MXA_KRC_CONTROL.typ
C:\Users\victo\Documents\AAU\MatrixProduction\KUKA_mxA_Example_Jog_2IR_EtherCat_mxA3_0\Logical\Libraries\KUKAmxA3_0\MXA_KRC_STATE.typ
C:\Users\victo\Documents\AAU\MatrixProduction\KUKA_mxA_Example_Jog_2IR_EtherCat_mxA3_0\Logical\Libraries\KUKAmxA3_0\PNetWriteData.typ
C:\Users\victo\Documents\AAU\MatrixProduction\KUKA_mxA_Example_Jog_2IR_EtherCat_mxA3_0\Logical\Libraries\KUKAmxA3_0\POSITION.typ
C:\Users\victo\Documents\AAU\MatrixProduction\KUKA_mxA_Example_Jog_2IR_EtherCat_mxA3_0\Logical\Libraries\KUKAmxA3_0\AXBOX.typ
C:\Users\victo\Documents\AAU\MatrixProduction\KUKA_mxA_Example_Jog_2IR_EtherCat_mxA3_0\Logical\Libraries\KUKAmxA3_0\BOX.typ
